Gibbons_ChibaZoologicalPark_10_suspended_vocalizing: 195 frames in, 195 out, 3 apes (low)
Gibbons_ChibaZoologicalPark_11_tree_walking_vocalizing: 52 frames in, 52 out, 2 apes (low)
Gibbons_ChibaZoologicalPark_12_brachiating_vocalizing: 95 frames in, 95 out, 3 apes (low)
Gibbons_ChibaZoologicalPark_13_brachiating_vocalizing: 92 frames in, 92 out, 3 apes (low)
Gibbons_ChibaZoologicalPark_14_brachiating_vocalizing: 335 frames in, 335 out, 3 apes (low)
Gibbons_ChibaZoologicalPark_15_brachiating_vocalizing: 163 frames in, 163 out, 3 apes (low)
Gibbons_ChibaZoologicalPark_16_tree_walking_vocalizing: 46 frames in, 46 out, 2 apes (low)
Gibbons_ChibaZoologicalPark_17_suspended_vocalizing: 483 frames in, 483 out, 1 apes (low)
Gibbons_ChibaZoologicalPark_18_brachiating_vocalizing: 261 frames in, 261 out, 1 apes (low)
Gibbons_ChibaZoologicalPark_19_suspended_vocalizing: 162 frames in, 162 out, 1 apes (low)
Gibbons_ChibaZoologicalPark_1_suspended_vocalizing: 263 frames in, 263 out, 1 apes (low)
Gibbons_ChibaZoologicalPark_20_suspended_vocalizing: 131 frames in, 131 out, 1 apes (low)
Gibbons_ChibaZoologicalPark_21_sitting_vocalizing: 225 frames in, 225 out, 2 apes (low)
Gibbons_ChibaZoologicalPark_22_suspended_vocalizing: 227 frames in, 227 out, 2 apes (low)
Gibbons_ChibaZoologicalPark_23_suspended_vocalizing: 356 frames in, 356 out, 2 apes (low)
Gibbons_ChibaZoologicalPark_2_suspended_vocalizing: 249 frames in, 249 out, 1 apes (low)
Gibbons_ChibaZoologicalPark_3_tree_walking_vocalizing: 48 frames in, 48 out, 1 apes (low)
Gibbons_ChibaZoologicalPark_4_brachiating_vocalizing: 118 frames in, 118 out, 1 apes (low)
Gibbons_ChibaZoologicalPark_5_tree_walking_vocalizing: 47 frames in, 47 out, 1 apes (low)
Gibbons_ChibaZoologicalPark_6_suspended_vocalizing: 576 frames in, 576 out, 2 apes (low)
Gibbons_ChibaZoologicalPark_7_suspended_vocalizing: 100 frames in, 100 out, 2 apes (low)
Gibbons_ChibaZoologicalPark_8_brachiating_vocalizing: 101 frames in, 101 out, 3 apes (low)
Gibbons_ChibaZoologicalPark_9_suspended_vocalizing: 361 frames in, 361 out, 2 apes (low)
bossou12: 550 frames in, 550 out, 15 apes (low)
bossou13: 1872 frames in, 1872 out, 1 apes (low)
bossou16: 1330 frames in, 1330 out, 4 apes (low)
bossou28: 2472 frames in, 2472 out, 11 apes (low)
bossou30: 1222 frames in, 1222 out, 9 apes (low)
bossou37: 1570 frames in, 1570 out, 4 apes (low)
grooming2: 931 frames in, 931 out, 12 apes (low)
kalinzu10: 826 frames in, 826 out, 3 apes (low)
kalinzu9: 549 frames in, 549 out, 1 apes (low)
sonso2: 538 frames in, 538 out, 5 apes (low)
sonso5: 740 frames in, 740 out, 3 apes (low)
wamba12: 668 frames in, 668 out, 10 apes (low)
done
